benchmark: open fire=false repetition 1/3
20260923.221405 Big Stompy Robot Game INI/INFO : Help reindexed: 0 article(s), 0 keyword(s), 0 error(s), 0 warning(s).
benchmark: open fire=false repetition 1 tick 36/95; autopilot 18.5 ms, enabled 100, renewed 0
benchmark: open fire=false repetition 2/3
20260923.221417 Big Stompy Robot Game INI/INFO : Help reindexed: 0 article(s), 0 keyword(s), 0 error(s), 0 warning(s).
benchmark: open fire=false repetition 2 tick 36/95; autopilot 18.6 ms, enabled 100, renewed 0
benchmark: open fire=false repetition 3/3
20260923.221428 Big Stompy Robot Game INI/INFO : Help reindexed: 0 article(s), 0 keyword(s), 0 error(s), 0 warning(s).
benchmark: open fire=false repetition 3 tick 36/95; autopilot 18.5 ms, enabled 100, renewed 0
benchmark: open fire=true repetition 1/3
20260923.221440 Big Stompy Robot Game INI/INFO : Help reindexed: 0 article(s), 0 keyword(s), 0 error(s), 0 warning(s).
benchmark: open fire=true repetition 1 tick 36/95; autopilot 36.9 ms, enabled 100, renewed 0
benchmark: open fire=true repetition 2/3
20260923.221453 Big Stompy Robot Game INI/INFO : Help reindexed: 0 article(s), 0 keyword(s), 0 error(s), 0 warning(s).
benchmark: open fire=true repetition 2 tick 36/95; autopilot 40.3 ms, enabled 100, renewed 0
benchmark: open fire=true repetition 3/3
20260923.221506 Big Stompy Robot Game INI/INFO : Help reindexed: 0 article(s), 0 keyword(s), 0 error(s), 0 warning(s).
benchmark: open fire=true repetition 3 tick 36/95; autopilot 39.5 ms, enabled 100, renewed 0
benchmark: obstacles fire=false repetition 1/3
20260923.221520 Big Stompy Robot Game INI/INFO : Help reindexed: 0 article(s), 0 keyword(s), 0 error(s), 0 warning(s).
benchmark: obstacles fire=false repetition 1 tick 36/95; autopilot 22.1 ms, enabled 100, renewed 0
benchmark: obstacles fire=false repetition 2/3
20260923.221532 Big Stompy Robot Game INI/INFO : Help reindexed: 0 article(s), 0 keyword(s), 0 error(s), 0 warning(s).
benchmark: obstacles fire=false repetition 2 tick 36/95; autopilot 22.3 ms, enabled 100, renewed 9
benchmark: obstacles fire=false repetition 3/3
20260923.221544 Big Stompy Robot Game INI/INFO : Help reindexed: 0 article(s), 0 keyword(s), 0 error(s), 0 warning(s).
benchmark: obstacles fire=false repetition 3 tick 36/95; autopilot 21.9 ms, enabled 100, renewed 19
benchmark: obstacles fire=true repetition 1/3
20260923.221557 Big Stompy Robot Game INI/INFO : Help reindexed: 0 article(s), 0 keyword(s), 0 error(s), 0 warning(s).
benchmark: obstacles fire=true repetition 1 tick 36/95; autopilot 29.8 ms, enabled 100, renewed 0
benchmark: obstacles fire=true repetition 2/3
20260923.221611 Big Stompy Robot Game INI/INFO : Help reindexed: 0 article(s), 0 keyword(s), 0 error(s), 0 warning(s).
benchmark: obstacles fire=true repetition 2 tick 36/95; autopilot 31.6 ms, enabled 100, renewed 9
benchmark: obstacles fire=true repetition 3/3
20260923.221625 Big Stompy Robot Game INI/INFO : Help reindexed: 0 article(s), 0 keyword(s), 0 error(s), 0 warning(s).
benchmark: obstacles fire=true repetition 3 tick 36/95; autopilot 27.3 ms, enabled 100, renewed 21
benchmark: moving_congestion fire=false repetition 1/3
20260923.221639 Big Stompy Robot Game INI/INFO : Help reindexed: 0 article(s), 0 keyword(s), 0 error(s), 0 warning(s).
benchmark: moving_congestion fire=false repetition 1 tick 36/95; autopilot 18.8 ms, enabled 100, renewed 0
benchmark: moving_congestion fire=false repetition 2/3
20260923.221651 Big Stompy Robot Game INI/INFO : Help reindexed: 0 article(s), 0 keyword(s), 0 error(s), 0 warning(s).
benchmark: moving_congestion fire=false repetition 2 tick 36/95; autopilot 18.7 ms, enabled 100, renewed 0
benchmark: moving_congestion fire=false repetition 3/3
20260923.221703 Big Stompy Robot Game INI/INFO : Help reindexed: 0 article(s), 0 keyword(s), 0 error(s), 0 warning(s).
benchmark: moving_congestion fire=false repetition 3 tick 36/95; autopilot 18.7 ms, enabled 100, renewed 0
benchmark: moving_congestion fire=true repetition 1/3
20260923.221715 Big Stompy Robot Game INI/INFO : Help reindexed: 0 article(s), 0 keyword(s), 0 error(s), 0 warning(s).
benchmark: moving_congestion fire=true repetition 1 tick 36/95; autopilot 41.9 ms, enabled 100, renewed 0
benchmark: moving_congestion fire=true repetition 2/3
20260923.221729 Big Stompy Robot Game INI/INFO : Help reindexed: 0 article(s), 0 keyword(s), 0 error(s), 0 warning(s).
benchmark: moving_congestion fire=true repetition 2 tick 36/95; autopilot 45.4 ms, enabled 100, renewed 2
benchmark: moving_congestion fire=true repetition 3/3
20260923.221743 Big Stompy Robot Game INI/INFO : Help reindexed: 0 article(s), 0 keyword(s), 0 error(s), 0 warning(s).
benchmark: moving_congestion fire=true repetition 3 tick 36/95; autopilot 46.2 ms, enabled 100, renewed 2
