benchmark: open fire=false repetition 1/3
20260923.193149 Big Stompy Robot Game INI/INFO : Help reindexed: 0 article(s), 0 keyword(s), 0 error(s), 0 warning(s).
benchmark: open fire=false repetition 1 tick 36/95; autopilot 22.1 ms, enabled 100, renewed 0
benchmark: open fire=false repetition 2/3
20260923.193201 Big Stompy Robot Game INI/INFO : Help reindexed: 0 article(s), 0 keyword(s), 0 error(s), 0 warning(s).
benchmark: open fire=false repetition 2 tick 36/95; autopilot 22.3 ms, enabled 100, renewed 0
benchmark: open fire=false repetition 3/3
20260923.193213 Big Stompy Robot Game INI/INFO : Help reindexed: 0 article(s), 0 keyword(s), 0 error(s), 0 warning(s).
benchmark: open fire=false repetition 3 tick 36/95; autopilot 21.8 ms, enabled 100, renewed 0
benchmark: open fire=true repetition 1/3
20260923.193226 Big Stompy Robot Game INI/INFO : Help reindexed: 0 article(s), 0 keyword(s), 0 error(s), 0 warning(s).
benchmark: open fire=true repetition 1 tick 36/95; autopilot 45.9 ms, enabled 100, renewed 0
benchmark: open fire=true repetition 2/3
20260923.193240 Big Stompy Robot Game INI/INFO : Help reindexed: 0 article(s), 0 keyword(s), 0 error(s), 0 warning(s).
benchmark: open fire=true repetition 2 tick 36/95; autopilot 45.7 ms, enabled 100, renewed 0
benchmark: open fire=true repetition 3/3
20260923.193254 Big Stompy Robot Game INI/INFO : Help reindexed: 0 article(s), 0 keyword(s), 0 error(s), 0 warning(s).
benchmark: open fire=true repetition 3 tick 36/95; autopilot 43.9 ms, enabled 100, renewed 0
benchmark: obstacles fire=false repetition 1/3
20260923.193309 Big Stompy Robot Game INI/INFO : Help reindexed: 0 article(s), 0 keyword(s), 0 error(s), 0 warning(s).
benchmark: obstacles fire=false repetition 1 tick 36/95; autopilot 25.7 ms, enabled 100, renewed 0
benchmark: obstacles fire=false repetition 2/3
20260923.193322 Big Stompy Robot Game INI/INFO : Help reindexed: 0 article(s), 0 keyword(s), 0 error(s), 0 warning(s).
benchmark: obstacles fire=false repetition 2 tick 36/95; autopilot 26.1 ms, enabled 100, renewed 9
benchmark: obstacles fire=false repetition 3/3
20260923.193335 Big Stompy Robot Game INI/INFO : Help reindexed: 0 article(s), 0 keyword(s), 0 error(s), 0 warning(s).
benchmark: obstacles fire=false repetition 3 tick 36/95; autopilot 27.2 ms, enabled 100, renewed 19
benchmark: obstacles fire=true repetition 1/3
20260923.193348 Big Stompy Robot Game INI/INFO : Help reindexed: 0 article(s), 0 keyword(s), 0 error(s), 0 warning(s).
benchmark: obstacles fire=true repetition 1 tick 36/95; autopilot 34.4 ms, enabled 100, renewed 0
benchmark: obstacles fire=true repetition 2/3
20260923.193402 Big Stompy Robot Game INI/INFO : Help reindexed: 0 article(s), 0 keyword(s), 0 error(s), 0 warning(s).
benchmark: obstacles fire=true repetition 2 tick 36/95; autopilot 37.0 ms, enabled 100, renewed 9
benchmark: obstacles fire=true repetition 3/3
20260923.193418 Big Stompy Robot Game INI/INFO : Help reindexed: 0 article(s), 0 keyword(s), 0 error(s), 0 warning(s).
benchmark: obstacles fire=true repetition 3 tick 36/95; autopilot 31.3 ms, enabled 100, renewed 21
benchmark: moving_congestion fire=false repetition 1/3
20260923.193433 Big Stompy Robot Game INI/INFO : Help reindexed: 0 article(s), 0 keyword(s), 0 error(s), 0 warning(s).
benchmark: moving_congestion fire=false repetition 1 tick 36/95; autopilot 22.5 ms, enabled 100, renewed 0
benchmark: moving_congestion fire=false repetition 2/3
20260923.193446 Big Stompy Robot Game INI/INFO : Help reindexed: 0 article(s), 0 keyword(s), 0 error(s), 0 warning(s).
benchmark: moving_congestion fire=false repetition 2 tick 36/95; autopilot 22.9 ms, enabled 100, renewed 0
benchmark: moving_congestion fire=false repetition 3/3
20260923.193458 Big Stompy Robot Game INI/INFO : Help reindexed: 0 article(s), 0 keyword(s), 0 error(s), 0 warning(s).
benchmark: moving_congestion fire=false repetition 3 tick 36/95; autopilot 22.3 ms, enabled 100, renewed 0
benchmark: moving_congestion fire=true repetition 1/3
20260923.193511 Big Stompy Robot Game INI/INFO : Help reindexed: 0 article(s), 0 keyword(s), 0 error(s), 0 warning(s).
benchmark: moving_congestion fire=true repetition 1 tick 36/95; autopilot 46.2 ms, enabled 100, renewed 0
benchmark: moving_congestion fire=true repetition 2/3
20260923.193525 Big Stompy Robot Game INI/INFO : Help reindexed: 0 article(s), 0 keyword(s), 0 error(s), 0 warning(s).
benchmark: moving_congestion fire=true repetition 2 tick 36/95; autopilot 48.9 ms, enabled 100, renewed 1
benchmark: moving_congestion fire=true repetition 3/3
20260923.193540 Big Stompy Robot Game INI/INFO : Help reindexed: 0 article(s), 0 keyword(s), 0 error(s), 0 warning(s).
benchmark: moving_congestion fire=true repetition 3 tick 36/95; autopilot 49.7 ms, enabled 100, renewed 1
