benchmark: open fire=false repetition 1/3
20260923.192733 Big Stompy Robot Game INI/INFO : Help reindexed: 0 article(s), 0 keyword(s), 0 error(s), 0 warning(s).
benchmark: open fire=false repetition 1 tick 36/95; autopilot 29.7 ms, enabled 100, renewed 0
benchmark: open fire=false repetition 2/3
20260923.192746 Big Stompy Robot Game INI/INFO : Help reindexed: 0 article(s), 0 keyword(s), 0 error(s), 0 warning(s).
benchmark: open fire=false repetition 2 tick 36/95; autopilot 24.9 ms, enabled 100, renewed 0
benchmark: open fire=false repetition 3/3
20260923.192759 Big Stompy Robot Game INI/INFO : Help reindexed: 0 article(s), 0 keyword(s), 0 error(s), 0 warning(s).
benchmark: open fire=false repetition 3 tick 36/95; autopilot 25.0 ms, enabled 100, renewed 0
benchmark: open fire=true repetition 1/3
20260923.192811 Big Stompy Robot Game INI/INFO : Help reindexed: 0 article(s), 0 keyword(s), 0 error(s), 0 warning(s).
benchmark: open fire=true repetition 1 tick 36/95; autopilot 48.9 ms, enabled 100, renewed 0
benchmark: open fire=true repetition 2/3
20260923.192826 Big Stompy Robot Game INI/INFO : Help reindexed: 0 article(s), 0 keyword(s), 0 error(s), 0 warning(s).
benchmark: open fire=true repetition 2 tick 36/95; autopilot 47.4 ms, enabled 100, renewed 0
benchmark: open fire=true repetition 3/3
20260923.192841 Big Stompy Robot Game INI/INFO : Help reindexed: 0 article(s), 0 keyword(s), 0 error(s), 0 warning(s).
benchmark: open fire=true repetition 3 tick 36/95; autopilot 46.8 ms, enabled 100, renewed 0
benchmark: obstacles fire=false repetition 1/3
20260923.192856 Big Stompy Robot Game INI/INFO : Help reindexed: 0 article(s), 0 keyword(s), 0 error(s), 0 warning(s).
benchmark: obstacles fire=false repetition 1 tick 36/95; autopilot 29.4 ms, enabled 100, renewed 0
benchmark: obstacles fire=false repetition 2/3
20260923.192909 Big Stompy Robot Game INI/INFO : Help reindexed: 0 article(s), 0 keyword(s), 0 error(s), 0 warning(s).
benchmark: obstacles fire=false repetition 2 tick 36/95; autopilot 29.5 ms, enabled 100, renewed 9
benchmark: obstacles fire=false repetition 3/3
20260923.192923 Big Stompy Robot Game INI/INFO : Help reindexed: 0 article(s), 0 keyword(s), 0 error(s), 0 warning(s).
benchmark: obstacles fire=false repetition 3 tick 36/95; autopilot 28.9 ms, enabled 100, renewed 19
benchmark: obstacles fire=true repetition 1/3
20260923.192937 Big Stompy Robot Game INI/INFO : Help reindexed: 0 article(s), 0 keyword(s), 0 error(s), 0 warning(s).
benchmark: obstacles fire=true repetition 1 tick 36/95; autopilot 37.0 ms, enabled 100, renewed 0
benchmark: obstacles fire=true repetition 2/3
20260923.192952 Big Stompy Robot Game INI/INFO : Help reindexed: 0 article(s), 0 keyword(s), 0 error(s), 0 warning(s).
benchmark: obstacles fire=true repetition 2 tick 36/95; autopilot 38.9 ms, enabled 100, renewed 9
benchmark: obstacles fire=true repetition 3/3
20260923.193008 Big Stompy Robot Game INI/INFO : Help reindexed: 0 article(s), 0 keyword(s), 0 error(s), 0 warning(s).
benchmark: obstacles fire=true repetition 3 tick 36/95; autopilot 33.9 ms, enabled 100, renewed 21
benchmark: moving_congestion fire=false repetition 1/3
20260923.193023 Big Stompy Robot Game INI/INFO : Help reindexed: 0 article(s), 0 keyword(s), 0 error(s), 0 warning(s).
benchmark: moving_congestion fire=false repetition 1 tick 36/95; autopilot 25.1 ms, enabled 100, renewed 0
benchmark: moving_congestion fire=false repetition 2/3
20260923.193037 Big Stompy Robot Game INI/INFO : Help reindexed: 0 article(s), 0 keyword(s), 0 error(s), 0 warning(s).
benchmark: moving_congestion fire=false repetition 2 tick 36/95; autopilot 25.0 ms, enabled 100, renewed 0
benchmark: moving_congestion fire=false repetition 3/3
20260923.193050 Big Stompy Robot Game INI/INFO : Help reindexed: 0 article(s), 0 keyword(s), 0 error(s), 0 warning(s).
benchmark: moving_congestion fire=false repetition 3 tick 36/95; autopilot 25.1 ms, enabled 100, renewed 0
benchmark: moving_congestion fire=true repetition 1/3
20260923.193103 Big Stompy Robot Game INI/INFO : Help reindexed: 0 article(s), 0 keyword(s), 0 error(s), 0 warning(s).
benchmark: moving_congestion fire=true repetition 1 tick 36/95; autopilot 48.8 ms, enabled 100, renewed 0
benchmark: moving_congestion fire=true repetition 2/3
20260923.193118 Big Stompy Robot Game INI/INFO : Help reindexed: 0 article(s), 0 keyword(s), 0 error(s), 0 warning(s).
benchmark: moving_congestion fire=true repetition 2 tick 36/95; autopilot 52.3 ms, enabled 100, renewed 1
benchmark: moving_congestion fire=true repetition 3/3
20260923.193133 Big Stompy Robot Game INI/INFO : Help reindexed: 0 article(s), 0 keyword(s), 0 error(s), 0 warning(s).
benchmark: moving_congestion fire=true repetition 3 tick 36/95; autopilot 53.8 ms, enabled 100, renewed 1
